
Map of Debug\stepperzoom.sm8 from link file Debug\stepperzoom.lkf - Sun Apr 11 22:00:59 2021


                               --------
                               Segments
                               --------

start 00008080 end 00008098 length    24 segment .const
start 000080b0 end 00008db8 length  3336 segment .text
start 00004000 end 00004000 length     0 segment .eeprom
start 00000000 end 00000010 length    16 segment .bsct, initialized
start 000080a0 end 000080b0 length    16 segment .bsct, from
start 00000010 end 0000001b length    11 segment .ubsct
start 0000001b end 0000001b length     0 segment .bit
start 0000001b end 0000001b length     0 segment .share
start 00000100 end 00000100 length     0 segment .data
start 00000100 end 00000100 length     0 segment .bss
start 00000000 end 000008cd length  2253 segment .info.
start 00000000 end 00009b91 length 39825 segment .debug
start 00008000 end 00008080 length   128 segment .const
start 00008098 end 000080a0 length     8 segment .init


                               -------
                               Modules
                               -------

C:\Program Files (x86)\COSMIC\CXSTM8_EVAL\Lib\crtsi0.sm8:
start 000080b0 end 000080fb length    75 section .text
start 00000100 end 00000100 length     0 section .bss
start 00000010 end 00000010 length     0 section .ubsct
start 00000000 end 00000030 length    48 section .info.

Debug\stm8s_clk.o:
start 00000000 end 0000166f length  5743 section .debug
start 00000030 end 000000b2 length   130 section .info.
start 00008080 end 0000808c length    12 section .const
start ******** end ******** length     0 section .text *** removed ***
start ******** end ******** length     0 section .text *** removed ***
start ******** end ******** length     0 section .text *** removed ***
start ******** end ******** length     0 section .text *** removed ***
start ******** end ******** length     0 section .text *** removed ***
start ******** end ******** length     0 section .text *** removed ***
start ******** end ******** length     0 section .text *** removed ***
start ******** end ******** length     0 section .text *** removed ***
start 000080fb end 00008167 length   108 section .text
start ******** end ******** length     0 section .text *** removed ***
start 00008167 end 0000817a length    19 section .text
start ******** end ******** length     0 section .text *** removed ***
start ******** end ******** length     0 section .text *** removed ***
start ******** end ******** length     0 section .text *** removed ***
start ******** end ******** length     0 section .text *** removed ***
start ******** end ******** length     0 section .text *** removed ***
start ******** end ******** length     0 section .text *** removed ***
start 0000817a end 000081ee length   116 section .text
start ******** end ******** length     0 section .text *** removed ***
start ******** end ******** length     0 section .text *** removed ***
start ******** end ******** length     0 section .text *** removed ***
start ******** end ******** length     0 section .text *** removed ***
start ******** end ******** length     0 section .text *** removed ***

Debug\stm8s_gpio.o:
start 0000166f end 00002079 length  2570 section .debug
start 000000b2 end 00000135 length   131 section .info.
start ******** end ******** length     0 section .text *** removed ***
start 000081ee end 00008256 length   104 section .text
start ******** end ******** length     0 section .text *** removed ***
start 00008256 end 0000825d length     7 section .text
start 0000825d end 00008265 length     8 section .text
start 00008265 end 0000826c length     7 section .text
start ******** end ******** length     0 section .text *** removed ***
start ******** end ******** length     0 section .text *** removed ***
start ******** end ******** length     0 section .text *** removed ***
start ******** end ******** length     0 section .text *** removed ***

Debug\stm8s_tim1.o:
start 00002079 end 00006003 length 16266 section .debug
start 00000135 end 000001b8 length   131 section .info.
start 0000826c end 00008305 length   153 section .text
start 00008305 end 00008329 length    36 section .text
start 00008329 end 00008386 length    93 section .text
start ******** end ******** length     0 section .text *** removed ***
start ******** end ******** length     0 section .text *** removed ***
start ******** end ******** length     0 section .text *** removed ***
start ******** end ******** length     0 section .text *** removed ***
start ******** end ******** length     0 section .text *** removed ***
start ******** end ******** length     0 section .text *** removed ***
start 00008386 end 00008394 length    14 section .text
start 00008394 end 000083a2 length    14 section .text
start 000083a2 end 000083bb length    25 section .text
start ******** end ******** length     0 section .text *** removed ***
start ******** end ******** length     0 section .text *** removed ***
start ******** end ******** length     0 section .text *** removed ***
start ******** end ******** length     0 section .text *** removed ***
start ******** end ******** length     0 section .text *** removed ***
start ******** end ******** length     0 section .text *** removed ***
start ******** end ******** length     0 section .text *** removed ***
start ******** end ******** length     0 section .text *** removed ***
start ******** end ******** length     0 section .text *** removed ***
start ******** end ******** length     0 section .text *** removed ***
start ******** end ******** length     0 section .text *** removed ***
start ******** end ******** length     0 section .text *** removed ***
start ******** end ******** length     0 section .text *** removed ***
start ******** end ******** length     0 section .text *** removed ***
start ******** end ******** length     0 section .text *** removed ***
start ******** end ******** length     0 section .text *** removed ***
start ******** end ******** length     0 section .text *** removed ***
start ******** end ******** length     0 section .text *** removed ***
start ******** end ******** length     0 section .text *** removed ***
start ******** end ******** length     0 section .text *** removed ***
start ******** end ******** length     0 section .text *** removed ***
start ******** end ******** length     0 section .text *** removed ***
start ******** end ******** length     0 section .text *** removed ***
start ******** end ******** length     0 section .text *** removed ***
start ******** end ******** length     0 section .text *** removed ***
start ******** end ******** length     0 section .text *** removed ***
start ******** end ******** length     0 section .text *** removed ***
start ******** end ******** length     0 section .text *** removed ***
start ******** end ******** length     0 section .text *** removed ***
start ******** end ******** length     0 section .text *** removed ***
start ******** end ******** length     0 section .text *** removed ***
start ******** end ******** length     0 section .text *** removed ***
start ******** end ******** length     0 section .text *** removed ***
start ******** end ******** length     0 section .text *** removed ***
start ******** end ******** length     0 section .text *** removed ***
start ******** end ******** length     0 section .text *** removed ***
start ******** end ******** length     0 section .text *** removed ***
start ******** end ******** length     0 section .text *** removed ***
start ******** end ******** length     0 section .text *** removed ***
start ******** end ******** length     0 section .text *** removed ***
start ******** end ******** length     0 section .text *** removed ***
start ******** end ******** length     0 section .text *** removed ***
start ******** end ******** length     0 section .text *** removed ***
start 000083bb end 000083c4 length     9 section .text
start 000083c4 end 000083cd length     9 section .text
start ******** end ******** length     0 section .text *** removed ***
start ******** end ******** length     0 section .text *** removed ***
start ******** end ******** length     0 section .text *** removed ***
start ******** end ******** length     0 section .text *** removed ***
start ******** end ******** length     0 section .text *** removed ***
start ******** end ******** length     0 section .text *** removed ***
start ******** end ******** length     0 section .text *** removed ***
start ******** end ******** length     0 section .text *** removed ***
start ******** end ******** length     0 section .text *** removed ***
start ******** end ******** length     0 section .text *** removed ***
start ******** end ******** length     0 section .text *** removed ***
start ******** end ******** length     0 section .text *** removed ***
start ******** end ******** length     0 section .text *** removed ***
start ******** end ******** length     0 section .text *** removed ***
start ******** end ******** length     0 section .text *** removed ***
start ******** end ******** length     0 section .text *** removed ***
start 000083cd end 000083d2 length     5 section .text
start ******** end ******** length     0 section .text *** removed ***
start ******** end ******** length     0 section .text *** removed ***
start ******** end ******** length     0 section .text *** removed ***
start ******** end ******** length     0 section .text *** removed ***

Debug\stm8s_tim2.o:
start 00006003 end 00008317 length  8980 section .debug
start 000001b8 end 0000023b length   131 section .info.
start 000083d2 end 0000842b length    89 section .text
start 0000842b end 0000843b length    16 section .text
start ******** end ******** length     0 section .text *** removed ***
start ******** end ******** length     0 section .text *** removed ***
start ******** end ******** length     0 section .text *** removed ***
start ******** end ******** length     0 section .text *** removed ***
start ******** end ******** length     0 section .text *** removed ***
start 0000843b end 00008449 length    14 section .text
start 00008449 end 00008462 length    25 section .text
start ******** end ******** length     0 section .text *** removed ***
start ******** end ******** length     0 section .text *** removed ***
start ******** end ******** length     0 section .text *** removed ***
start ******** end ******** length     0 section .text *** removed ***
start ******** end ******** length     0 section .text *** removed ***
start ******** end ******** length     0 section .text *** removed ***
start ******** end ******** length     0 section .text *** removed ***
start ******** end ******** length     0 section .text *** removed ***
start ******** end ******** length     0 section .text *** removed ***
start ******** end ******** length     0 section .text *** removed ***
start ******** end ******** length     0 section .text *** removed ***
start ******** end ******** length     0 section .text *** removed ***
start ******** end ******** length     0 section .text *** removed ***
start ******** end ******** length     0 section .text *** removed ***
start ******** end ******** length     0 section .text *** removed ***
start ******** end ******** length     0 section .text *** removed ***
start ******** end ******** length     0 section .text *** removed ***
start ******** end ******** length     0 section .text *** removed ***
start ******** end ******** length     0 section .text *** removed ***
start ******** end ******** length     0 section .text *** removed ***
start ******** end ******** length     0 section .text *** removed ***
start ******** end ******** length     0 section .text *** removed ***
start ******** end ******** length     0 section .text *** removed ***
start ******** end ******** length     0 section .text *** removed ***
start ******** end ******** length     0 section .text *** removed ***
start ******** end ******** length     0 section .text *** removed ***
start ******** end ******** length     0 section .text *** removed ***
start ******** end ******** length     0 section .text *** removed ***
start ******** end ******** length     0 section .text *** removed ***
start ******** end ******** length     0 section .text *** removed ***
start ******** end ******** length     0 section .text *** removed ***
start ******** end ******** length     0 section .text *** removed ***
start ******** end ******** length     0 section .text *** removed ***
start 00008462 end 00008467 length     5 section .text
start ******** end ******** length     0 section .text *** removed ***
start ******** end ******** length     0 section .text *** removed ***
start ******** end ******** length     0 section .text *** removed ***

Debug\stm8s_uart1.o:
start 00008317 end 00009703 length  5100 section .debug
start 0000023b end 000002bf length   132 section .info.
start 00008467 end 00008492 length    43 section .text
start 0000808c end 00008090 length     4 section .const
start 00008492 end 000085d2 length   320 section .text
start 000085d2 end 000085e0 length    14 section .text
start 000085e0 end 00008651 length   113 section .text
start ******** end ******** length     0 section .text *** removed ***
start ******** end ******** length     0 section .text *** removed ***
start ******** end ******** length     0 section .text *** removed ***
start ******** end ******** length     0 section .text *** removed ***
start ******** end ******** length     0 section .text *** removed ***
start ******** end ******** length     0 section .text *** removed ***
start ******** end ******** length     0 section .text *** removed ***
start ******** end ******** length     0 section .text *** removed ***
start ******** end ******** length     0 section .text *** removed ***
start 00008651 end 00008655 length     4 section .text
start ******** end ******** length     0 section .text *** removed ***
start ******** end ******** length     0 section .text *** removed ***
start ******** end ******** length     0 section .text *** removed ***
start ******** end ******** length     0 section .text *** removed ***
start ******** end ******** length     0 section .text *** removed ***
start ******** end ******** length     0 section .text *** removed ***
start ******** end ******** length     0 section .text *** removed ***
start ******** end ******** length     0 section .text *** removed ***
start ******** end ******** length     0 section .text *** removed ***
start ******** end ******** length     0 section .text *** removed ***
start 00008655 end 00008665 length    16 section .text

Debug\main.o:
start 00000000 end 00000010 length    16 section .bsct
start 00000010 end 00000011 length     1 section .ubsct
start 00009703 end 00009a26 length   803 section .debug
start 000002bf end 0000033c length   125 section .info.
start 00008665 end 00008669 length     4 section .text
start 00008669 end 0000869d length    52 section .text
start 0000869d end 000086c1 length    36 section .text
start 000086c1 end 00008797 length   214 section .text
start 00008797 end 000087be length    39 section .text
start 000087be end 000088a7 length   233 section .text
start 00008090 end 00008098 length     8 section .const

(C:\Program Files (x86)\COSMIC\CXSTM8_EVAL\Lib\libis0.sm8)abs0.o:
start 000088a7 end 000088ac length     5 section .text
start 0000033c end 00000368 length    44 section .info.

(C:\Program Files (x86)\COSMIC\CXSTM8_EVAL\Lib\libm0.sm8)ctof.o:
start 000088ac end 000088b4 length     8 section .text
start 00000368 end 00000397 length    47 section .info.

(C:\Program Files (x86)\COSMIC\CXSTM8_EVAL\Lib\libm0.sm8)fadd.o:
start 000088b4 end 00008991 length   221 section .text
start 00000397 end 000003c6 length    47 section .info.

(C:\Program Files (x86)\COSMIC\CXSTM8_EVAL\Lib\libm0.sm8)fcmp.o:
start 00008991 end 000089c7 length    54 section .text
start 000003c6 end 000003f5 length    47 section .info.

(C:\Program Files (x86)\COSMIC\CXSTM8_EVAL\Lib\libm0.sm8)fdiv.o:
start 000089c7 end 00008a4b length   132 section .text
start 000003f5 end 00000424 length    47 section .info.

(C:\Program Files (x86)\COSMIC\CXSTM8_EVAL\Lib\libm0.sm8)fgadd.o:
start 00008a4b end 00008a53 length     8 section .text
start 00000424 end 00000454 length    48 section .info.

(C:\Program Files (x86)\COSMIC\CXSTM8_EVAL\Lib\libm0.sm8)fgsub.o:
start 00008a53 end 00008a5e length    11 section .text
start 00000454 end 00000484 length    48 section .info.

(C:\Program Files (x86)\COSMIC\CXSTM8_EVAL\Lib\libm0.sm8)fmul.o:
start 00008a5e end 00008b33 length   213 section .text
start 00000484 end 000004b3 length    47 section .info.

(C:\Program Files (x86)\COSMIC\CXSTM8_EVAL\Lib\libm0.sm8)fneg.o:
start 00008b33 end 00008b3e length    11 section .text
start 000004b3 end 000004e2 length    47 section .info.

(C:\Program Files (x86)\COSMIC\CXSTM8_EVAL\Lib\libm0.sm8)ftol.o:
start 00008b3e end 00008ba0 length    98 section .text
start 000004e2 end 00000511 length    47 section .info.

(C:\Program Files (x86)\COSMIC\CXSTM8_EVAL\Lib\libm0.sm8)itof.o:
start 00008ba0 end 00008bce length    46 section .text
start 00000511 end 00000540 length    47 section .info.

(C:\Program Files (x86)\COSMIC\CXSTM8_EVAL\Lib\libm0.sm8)lgsbc.o:
start 00008bce end 00008be4 length    22 section .text
start 00000540 end 00000570 length    48 section .info.

(C:\Program Files (x86)\COSMIC\CXSTM8_EVAL\Lib\libm0.sm8)llsh.o:
start 00008be4 end 00008bf3 length    15 section .text
start 00000570 end 0000059f length    47 section .info.

(C:\Program Files (x86)\COSMIC\CXSTM8_EVAL\Lib\libm0.sm8)lreg.o:
start 00000011 end 00000015 length     4 section .ubsct
start 0000059f end 000005ce length    47 section .info.

(C:\Program Files (x86)\COSMIC\CXSTM8_EVAL\Lib\libm0.sm8)lsub.o:
start 00008bf3 end 00008c0b length    24 section .text
start 000005ce end 000005fd length    47 section .info.

(C:\Program Files (x86)\COSMIC\CXSTM8_EVAL\Lib\libm0.sm8)ltor.o:
start 00008c0b end 00008c1d length    18 section .text
start 000005fd end 0000062c length    47 section .info.

(C:\Program Files (x86)\COSMIC\CXSTM8_EVAL\Lib\libm0.sm8)ludiv.o:
start 00008c1d end 00008c31 length    20 section .text
start 0000062c end 0000065c length    48 section .info.

(C:\Program Files (x86)\COSMIC\CXSTM8_EVAL\Lib\libm0.sm8)ldiv.o:
start 00008c31 end 00008d1c length   235 section .text
start 0000065c end 0000068b length    47 section .info.

(C:\Program Files (x86)\COSMIC\CXSTM8_EVAL\Lib\libm0.sm8)lgneg.o:
start 00008d1c end 00008d2f length    19 section .text
start 0000068b end 000006bb length    48 section .info.

(C:\Program Files (x86)\COSMIC\CXSTM8_EVAL\Lib\libm0.sm8)lneg.o:
start 00008d2f end 00008d44 length    21 section .text
start 000006bb end 000006ea length    47 section .info.

(C:\Program Files (x86)\COSMIC\CXSTM8_EVAL\Lib\libm0.sm8)lursh.o:
start 00008d44 end 00008d53 length    15 section .text
start 000006ea end 0000071a length    48 section .info.

(C:\Program Files (x86)\COSMIC\CXSTM8_EVAL\Lib\libm0.sm8)lzmp.o:
start 00008d53 end 00008d66 length    19 section .text
start 0000071a end 00000749 length    47 section .info.

(C:\Program Files (x86)\COSMIC\CXSTM8_EVAL\Lib\libm0.sm8)rtol.o:
start 00008d66 end 00008d78 length    18 section .text
start 00000749 end 00000778 length    47 section .info.

(C:\Program Files (x86)\COSMIC\CXSTM8_EVAL\Lib\libm0.sm8)smul.o:
start 00008d78 end 00008db7 length    63 section .text
start 00000778 end 000007a7 length    47 section .info.

(C:\Program Files (x86)\COSMIC\CXSTM8_EVAL\Lib\libm0.sm8)xreg.o:
start 00000015 end 00000018 length     3 section .ubsct
start 000007a7 end 000007d6 length    47 section .info.

(C:\Program Files (x86)\COSMIC\CXSTM8_EVAL\Lib\libm0.sm8)yreg.o:
start 00000018 end 0000001b length     3 section .ubsct
start 000007d6 end 00000805 length    47 section .info.

Debug\stm8_interrupt_vector.o:
start 00009a26 end 00009b91 length   363 section .debug
start 00000805 end 00000893 length   142 section .info.
start 00008db7 end 00008db8 length     1 section .text
start 00008000 end 00008080 length   128 section .const


                             -----------
                             Stack usage
                             -----------

Debug\main.o:
_Delay                          10   (8)
_main                       >   50   (2)
_uartTransmit                    2   (2)
f_tim1Update                >   14   (12)
f_tim2Update                >   25   (16)
f_uartReceive               >   14   (12)

Debug\stm8_interrupt_vector.o:
f_NonHandledInterrupt       >    6   (6)

Debug\stm8s_clk.o:
_CLK_GetClockFreq               25   (11)
_CLK_HSIPrescalerConfig          3   (3)
_CLK_PeripheralClockConfig       4   (4)

Debug\stm8s_gpio.o:
_GPIO_Init                       6   (6)
_GPIO_WriteHigh                  5   (5)
_GPIO_WriteLow                   5   (5)
_GPIO_WriteReverse               5   (5)

Debug\stm8s_tim1.o:
_TIM1_ClearITPendingBit          2   (2)
_TIM1_Cmd                        2   (2)
_TIM1_CtrlPWMOutputs             2   (2)
_TIM1_DeInit                     2   (2)
_TIM1_ITConfig                   4   (4)
_TIM1_OC1Init                   14   (14)
_TIM1_SetAutoreload              2   (2)
_TIM1_SetCompare1                2   (2)
_TIM1_TimeBaseInit               8   (8)

Debug\stm8s_tim2.o:
_TIM2_ClearITPendingBit          2   (2)
_TIM2_Cmd                        2   (2)
_TIM2_DeInit                     2   (2)
_TIM2_ITConfig                   4   (4)
_TIM2_TimeBaseInit               5   (5)

Debug\stm8s_uart1.o:
_UART1_ClearITPendingBit         2   (2)
_UART1_Cmd                       2   (2)
_UART1_DeInit                    2   (2)
_UART1_ITConfig                  7   (7)
_UART1_Init                     48   (23)
_UART1_ReceiveData8              2   (2)

C:\Program Files (x86:
_abs                             2   (2)

Stack size: 75


                              ---------
                              Call tree
                              ---------
   1 > __stext: (0)

   2 > _main: (2)
   3      + _CLK_HSIPrescalerConfig: (3)
   4      + _CLK_PeripheralClockConfig: (4)
   5      + _Delay: (8)
   6      + _GPIO_Init: (6)
   7      + _GPIO_WriteReverse: (5)
   8      + _TIM1_Cmd: (2)
   9      + _TIM1_CtrlPWMOutputs: (2)
  10      + _TIM1_DeInit: (2)
  11      + _TIM1_ITConfig: (4)
  12      + _TIM1_OC1Init: (14)
  13      + _TIM1_SetAutoreload: (2)
  14      + _TIM1_SetCompare1: (2)
  15      + _TIM1_TimeBaseInit: (8)
  16      + _TIM2_Cmd: (2)
  17      + _TIM2_DeInit: (2)
  18      + _TIM2_ITConfig: (4)
  19      + _TIM2_TimeBaseInit: (5)
  20      + _UART1_Cmd: (2)
  21      + _UART1_DeInit: (2)
  22      + _UART1_ITConfig: (7)
  23      + _UART1_Init: (23)
  24      |    + _CLK_GetClockFreq: (11)
          | 
       
  25 > f_NonHandledInterrupt: (6)

  26 > f_tim1Update: (12)
  27      + _TIM1_ClearITPendingBit: (2)
       
  28 > f_tim2Update: (16)
  29      + _GPIO_WriteHigh: (5)
  30      + _GPIO_WriteLow: (5)
  31      + _TIM1_CtrlPWMOutputs --> 9
  32      + _TIM1_SetAutoreload --> 13
  33      + _TIM2_ClearITPendingBit: (2)
  34      + _abs: (2)
       
  35 > f_uartReceive: (12)
  36      + _UART1_ClearITPendingBit: (2)
  37      + _UART1_ReceiveData8: (2)
  38      + _uartTransmit: (2)
       
  39   _CLK_GetClockFreq --> 24

  40   _CLK_HSIPrescalerConfig --> 3

  41   _CLK_PeripheralClockConfig --> 4

  42   _Delay --> 5

  43   _GPIO_Init --> 6

  44   _GPIO_WriteHigh --> 29

  45   _GPIO_WriteLow --> 30

  46   _GPIO_WriteReverse --> 7

  47   _TIM1_ClearITPendingBit --> 27

  48   _TIM1_Cmd --> 8

  49   _TIM1_CtrlPWMOutputs --> 9

  50   _TIM1_DeInit --> 10

  51   _TIM1_ITConfig --> 11

  52   _TIM1_OC1Init --> 12

  53   _TIM1_SetAutoreload --> 13

  54   _TIM1_SetCompare1 --> 14

  55   _TIM1_TimeBaseInit --> 15

  56   _TIM2_ClearITPendingBit --> 33

  57   _TIM2_Cmd --> 16

  58   _TIM2_DeInit --> 17

  59   _TIM2_ITConfig --> 18

  60   _TIM2_TimeBaseInit --> 19

  61   _UART1_ClearITPendingBit --> 36

  62   _UART1_Cmd --> 20

  63   _UART1_DeInit --> 21

  64   _UART1_ITConfig --> 22

  65   _UART1_Init --> 23

  66   _UART1_ReceiveData8 --> 37

  67   _abs --> 34

  68   _uartTransmit --> 38



                               -------
                               Symbols
                               -------

_targetRpm                       00000000   defined in Debug\main.o section .bsct, initialized
_currentRpm                      00000004   defined in Debug\main.o section .bsct, initialized
_targetDir                       00000008   defined in Debug\main.o section .bsct, initialized
_currentDir                      00000009   defined in Debug\main.o section .bsct, initialized
_targetSpeed                     0000000a   defined in Debug\main.o section .bsct, initialized
_currentSpeed                    0000000b   defined in Debug\main.o section .bsct, initialized
_acc                             0000000c   defined in Debug\main.o section .bsct, initialized
_receive                         00000010   defined in Debug\main.o section .ubsct
c_lreg                           00000011   defined in (C:\Program Files (x86)\COSMIC\CXSTM8_EVAL\Lib\libm0.sm8)lreg.o section .ubsct
                                            used in Debug\stm8s_clk.o
                                                    Debug\stm8s_uart1.o
                                                    Debug\main.o
                                                    (C:\Program Files (x86)\COSMIC\CXSTM8_EVAL\Lib\libm0.sm8)fadd.o
                                                    (C:\Program Files (x86)\COSMIC\CXSTM8_EVAL\Lib\libm0.sm8)fcmp.o
                                                    (C:\Program Files (x86)\COSMIC\CXSTM8_EVAL\Lib\libm0.sm8)fdiv.o
                                                    (C:\Program Files (x86)\COSMIC\CXSTM8_EVAL\Lib\libm0.sm8)fmul.o
                                                    (C:\Program Files (x86)\COSMIC\CXSTM8_EVAL\Lib\libm0.sm8)fneg.o
                                                    (C:\Program Files (x86)\COSMIC\CXSTM8_EVAL\Lib\libm0.sm8)ftol.o
                                                    (C:\Program Files (x86)\COSMIC\CXSTM8_EVAL\Lib\libm0.sm8)itof.o
                                                    (C:\Program Files (x86)\COSMIC\CXSTM8_EVAL\Lib\libm0.sm8)llsh.o
                                                    (C:\Program Files (x86)\COSMIC\CXSTM8_EVAL\Lib\libm0.sm8)lsub.o
                                                    (C:\Program Files (x86)\COSMIC\CXSTM8_EVAL\Lib\libm0.sm8)ltor.o
                                                    (C:\Program Files (x86)\COSMIC\CXSTM8_EVAL\Lib\libm0.sm8)ldiv.o
                                                    (C:\Program Files (x86)\COSMIC\CXSTM8_EVAL\Lib\libm0.sm8)lneg.o
                                                    (C:\Program Files (x86)\COSMIC\CXSTM8_EVAL\Lib\libm0.sm8)lursh.o
                                                    (C:\Program Files (x86)\COSMIC\CXSTM8_EVAL\Lib\libm0.sm8)rtol.o
                                                    (C:\Program Files (x86)\COSMIC\CXSTM8_EVAL\Lib\libm0.sm8)smul.o
c_x                              00000015   defined in (C:\Program Files (x86)\COSMIC\CXSTM8_EVAL\Lib\libm0.sm8)xreg.o section .ubsct
                                            used in C:\Program Files (x86)\COSMIC\CXSTM8_EVAL\Lib\crtsi0.sm8
                                                    Debug\main.o
                                                    (C:\Program Files (x86)\COSMIC\CXSTM8_EVAL\Lib\libm0.sm8)fadd.o
                                                    (C:\Program Files (x86)\COSMIC\CXSTM8_EVAL\Lib\libm0.sm8)fcmp.o
                                                    (C:\Program Files (x86)\COSMIC\CXSTM8_EVAL\Lib\libm0.sm8)fdiv.o
                                                    (C:\Program Files (x86)\COSMIC\CXSTM8_EVAL\Lib\libm0.sm8)fmul.o
                                                    (C:\Program Files (x86)\COSMIC\CXSTM8_EVAL\Lib\libm0.sm8)ldiv.o
c_y                              00000018   defined in (C:\Program Files (x86)\COSMIC\CXSTM8_EVAL\Lib\libm0.sm8)yreg.o section .ubsct
                                            used in C:\Program Files (x86)\COSMIC\CXSTM8_EVAL\Lib\crtsi0.sm8
                                                    Debug\main.o
__endzp                          0000001b   defined in command file section .ubsct
                                            used in C:\Program Files (x86)\COSMIC\CXSTM8_EVAL\Lib\crtsi0.sm8
__startmem                       00000100   defined in command file section .bss
                                            *** not used ***
__memory                         00000100   defined in command file section .bss
                                            used in C:\Program Files (x86)\COSMIC\CXSTM8_EVAL\Lib\crtsi0.sm8
__endmem                         000001ff   defined in command file
                                            *** not used ***
__stack                          000003ff   defined in command file
                                            used in C:\Program Files (x86)\COSMIC\CXSTM8_EVAL\Lib\crtsi0.sm8
__vectab                         00008000   defined in Debug\stm8_interrupt_vector.o section .const
_HSIDivFactor                    00008080   defined in Debug\stm8s_clk.o section .const
_CLKPrescTable                   00008084   defined in Debug\stm8s_clk.o section .const
__idesc__                        00008098   defined in linker section .init
                                            used in C:\Program Files (x86)\COSMIC\CXSTM8_EVAL\Lib\crtsi0.sm8
__stext                          000080b0   defined in C:\Program Files (x86)\COSMIC\CXSTM8_EVAL\Lib\crtsi0.sm8 section .text
                                            used in Debug\stm8_interrupt_vector.o
_exit                            000080f9   defined in C:\Program Files (x86)\COSMIC\CXSTM8_EVAL\Lib\crtsi0.sm8 section .text
_CLK_DeInit                      ********   *** removed from Debug\stm8s_clk.o ***
_CLK_FastHaltWakeUpCmd           ********   *** removed from Debug\stm8s_clk.o ***
_CLK_HSECmd                      ********   *** removed from Debug\stm8s_clk.o ***
_CLK_HSICmd                      ********   *** removed from Debug\stm8s_clk.o ***
_CLK_LSICmd                      ********   *** removed from Debug\stm8s_clk.o ***
_CLK_CCOCmd                      ********   *** removed from Debug\stm8s_clk.o ***
_CLK_ClockSwitchCmd              ********   *** removed from Debug\stm8s_clk.o ***
_CLK_SlowActiveHaltWakeUpCmd     ********   *** removed from Debug\stm8s_clk.o ***
_CLK_PeripheralClockConfig       000080fb   defined in Debug\stm8s_clk.o section .text
                                            used in Debug\main.o
_CLK_ClockSwitchConfig           ********   *** removed from Debug\stm8s_clk.o ***
_CLK_HSIPrescalerConfig          00008167   defined in Debug\stm8s_clk.o section .text
                                            used in Debug\main.o
_CLK_ClockSecuritySystemEnable   ********   *** removed from Debug\stm8s_clk.o ***
_CLK_GetClockFreq                0000817a   defined in Debug\stm8s_clk.o section .text
                                            used in Debug\stm8s_uart1.o
_CLK_CCOConfig                   ********   *** removed from Debug\stm8s_clk.o ***
_CLK_ITConfig                    ********   *** removed from Debug\stm8s_clk.o ***
_CLK_SYSCLKConfig                ********   *** removed from Debug\stm8s_clk.o ***
_CLK_SWIMConfig                  ********   *** removed from Debug\stm8s_clk.o ***
_CLK_GetSYSCLKSource             ********   *** removed from Debug\stm8s_clk.o ***
_CLK_ClearITPendingBit           ********   *** removed from Debug\stm8s_clk.o ***
_GPIO_DeInit                     ********   *** removed from Debug\stm8s_gpio.o ***
_GPIO_Init                       000081ee   defined in Debug\stm8s_gpio.o section .text
                                            used in Debug\main.o
_CLK_GetFlagStatus               ********   *** removed from Debug\stm8s_clk.o ***
_CLK_GetITStatus                 ********   *** removed from Debug\stm8s_clk.o ***
_CLK_AdjustHSICalibrationValue   ********   *** removed from Debug\stm8s_clk.o ***
_CLK_SYSCLKEmergencyClear        ********   *** removed from Debug\stm8s_clk.o ***
_GPIO_WriteHigh                  00008256   defined in Debug\stm8s_gpio.o section .text
                                            used in Debug\main.o
_GPIO_Write                      ********   *** removed from Debug\stm8s_gpio.o ***
_GPIO_WriteLow                   0000825d   defined in Debug\stm8s_gpio.o section .text
                                            used in Debug\main.o
_GPIO_WriteReverse               00008265   defined in Debug\stm8s_gpio.o section .text
                                            used in Debug\main.o
_GPIO_ReadOutputData             ********   *** removed from Debug\stm8s_gpio.o ***
_GPIO_ReadInputData              ********   *** removed from Debug\stm8s_gpio.o ***
_GPIO_ReadInputPin               ********   *** removed from Debug\stm8s_gpio.o ***
_TIM1_DeInit                     0000826c   defined in Debug\stm8s_tim1.o section .text
                                            used in Debug\main.o
_GPIO_ExternalPullUpConfig       ********   *** removed from Debug\stm8s_gpio.o ***
_TIM1_TimeBaseInit               00008305   defined in Debug\stm8s_tim1.o section .text
                                            used in Debug\main.o
_TIM1_OC1Init                    00008329   defined in Debug\stm8s_tim1.o section .text
                                            used in Debug\main.o
_TIM1_OC2Init                    ********   *** removed from Debug\stm8s_tim1.o ***
_TIM1_OC3Init                    ********   *** removed from Debug\stm8s_tim1.o ***
_TIM1_OC4Init                    ********   *** removed from Debug\stm8s_tim1.o ***
_TIM1_ICInit                     ********   *** removed from Debug\stm8s_tim1.o ***
_TIM1_Cmd                        00008386   defined in Debug\stm8s_tim1.o section .text
                                            used in Debug\main.o
_TIM1_BDTRConfig                 ********   *** removed from Debug\stm8s_tim1.o ***
_TIM1_PWMIConfig                 ********   *** removed from Debug\stm8s_tim1.o ***
_TIM1_CtrlPWMOutputs             00008394   defined in Debug\stm8s_tim1.o section .text
                                            used in Debug\main.o
_TIM1_ITConfig                   000083a2   defined in Debug\stm8s_tim1.o section .text
                                            used in Debug\main.o
_TIM1_SetAutoreload              000083bb   defined in Debug\stm8s_tim1.o section .text
                                            used in Debug\main.o
_TIM1_SelectOCxM                 ********   *** removed from Debug\stm8s_tim1.o ***
_TIM1_SetCounter                 ********   *** removed from Debug\stm8s_tim1.o ***
_TIM1_SelectHallSensor           ********   *** removed from Debug\stm8s_tim1.o ***
_TIM1_GenerateEvent              ********   *** removed from Debug\stm8s_tim1.o ***
_TIM1_SelectCOM                  ********   *** removed from Debug\stm8s_tim1.o ***
_TIM1_SelectInputTrigger         ********   *** removed from Debug\stm8s_tim1.o ***
_TIM1_SelectOutputTrigger        ********   *** removed from Debug\stm8s_tim1.o ***
_TIM1_CCPreloadControl           ********   *** removed from Debug\stm8s_tim1.o ***
_TIM1_SelectOnePulseMode         ********   *** removed from Debug\stm8s_tim1.o ***
_TIM1_SelectSlaveMode            ********   *** removed from Debug\stm8s_tim1.o ***
_TIM1_SelectMasterSlaveMode      ********   *** removed from Debug\stm8s_tim1.o ***
_TIM1_CCxCmd                     ********   *** removed from Debug\stm8s_tim1.o ***
_TIM1_CCxNCmd                    ********   *** removed from Debug\stm8s_tim1.o ***
_TIM1_InternalClockConfig        ********   *** removed from Debug\stm8s_tim1.o ***
_TIM1_ETRClockMode1Config        ********   *** removed from Debug\stm8s_tim1.o ***
_TIM1_ETRConfig                  ********   *** removed from Debug\stm8s_tim1.o ***
_TIM1_ETRClockMode2Config        ********   *** removed from Debug\stm8s_tim1.o ***
_TIM1_TIxExternalClockConfig     ********   *** removed from Debug\stm8s_tim1.o ***
_TIM1_UpdateDisableConfig        ********   *** removed from Debug\stm8s_tim1.o ***
_TIM1_UpdateRequestConfig        ********   *** removed from Debug\stm8s_tim1.o ***
_TIM1_EncoderInterfaceConfig     ********   *** removed from Debug\stm8s_tim1.o ***
_TIM1_PrescalerConfig            ********   *** removed from Debug\stm8s_tim1.o ***
_TIM1_CounterModeConfig          ********   *** removed from Debug\stm8s_tim1.o ***
_TIM1_ForcedOC1Config            ********   *** removed from Debug\stm8s_tim1.o ***
_TIM1_ForcedOC2Config            ********   *** removed from Debug\stm8s_tim1.o ***
_TIM1_ForcedOC3Config            ********   *** removed from Debug\stm8s_tim1.o ***
_TIM1_ForcedOC4Config            ********   *** removed from Debug\stm8s_tim1.o ***
_TIM1_ARRPreloadConfig           ********   *** removed from Debug\stm8s_tim1.o ***
_TIM1_OC1PreloadConfig           ********   *** removed from Debug\stm8s_tim1.o ***
_TIM1_OC2PreloadConfig           ********   *** removed from Debug\stm8s_tim1.o ***
_TIM1_OC3PreloadConfig           ********   *** removed from Debug\stm8s_tim1.o ***
_TIM1_OC4PreloadConfig           ********   *** removed from Debug\stm8s_tim1.o ***
_TIM1_OC1FastConfig              ********   *** removed from Debug\stm8s_tim1.o ***
_TIM1_OC2FastConfig              ********   *** removed from Debug\stm8s_tim1.o ***
_TIM1_OC3FastConfig              ********   *** removed from Debug\stm8s_tim1.o ***
_TIM1_OC4FastConfig              ********   *** removed from Debug\stm8s_tim1.o ***
_TIM1_OC1PolarityConfig          ********   *** removed from Debug\stm8s_tim1.o ***
_TIM1_OC1NPolarityConfig         ********   *** removed from Debug\stm8s_tim1.o ***
_TIM1_OC2PolarityConfig          ********   *** removed from Debug\stm8s_tim1.o ***
_TIM1_OC2NPolarityConfig         ********   *** removed from Debug\stm8s_tim1.o ***
_TIM1_OC3PolarityConfig          ********   *** removed from Debug\stm8s_tim1.o ***
_TIM1_OC3NPolarityConfig         ********   *** removed from Debug\stm8s_tim1.o ***
_TIM1_OC4PolarityConfig          ********   *** removed from Debug\stm8s_tim1.o ***
_TIM1_SetCompare1                000083c4   defined in Debug\stm8s_tim1.o section .text
                                            used in Debug\main.o
_TIM1_GetCapture1                ********   *** removed from Debug\stm8s_tim1.o ***
_TIM1_SetCompare2                ********   *** removed from Debug\stm8s_tim1.o ***
_TIM1_GetCapture2                ********   *** removed from Debug\stm8s_tim1.o ***
_TIM1_SetCompare3                ********   *** removed from Debug\stm8s_tim1.o ***
_TIM1_GetCapture3                ********   *** removed from Debug\stm8s_tim1.o ***
_TIM1_SetCompare4                ********   *** removed from Debug\stm8s_tim1.o ***
_TIM1_GetCapture4                ********   *** removed from Debug\stm8s_tim1.o ***
_TIM1_SetIC1Prescaler            ********   *** removed from Debug\stm8s_tim1.o ***
_TIM1_SetIC2Prescaler            ********   *** removed from Debug\stm8s_tim1.o ***
_TIM1_SetIC3Prescaler            ********   *** removed from Debug\stm8s_tim1.o ***
_TIM1_SetIC4Prescaler            ********   *** removed from Debug\stm8s_tim1.o ***
_TIM1_GetCounter                 ********   *** removed from Debug\stm8s_tim1.o ***
_TIM1_GetPrescaler               ********   *** removed from Debug\stm8s_tim1.o ***
_TIM1_ClearFlag                  ********   *** removed from Debug\stm8s_tim1.o ***
_TIM1_ClearITPendingBit          000083cd   defined in Debug\stm8s_tim1.o section .text
                                            used in Debug\main.o
_TIM1_GetFlagStatus              ********   *** removed from Debug\stm8s_tim1.o ***
_TIM1_GetITStatus                ********   *** removed from Debug\stm8s_tim1.o ***
_TIM2_DeInit                     000083d2   defined in Debug\stm8s_tim2.o section .text
                                            used in Debug\main.o
_TIM2_TimeBaseInit               0000842b   defined in Debug\stm8s_tim2.o section .text
                                            used in Debug\main.o
_TIM2_OC1Init                    ********   *** removed from Debug\stm8s_tim2.o ***
_TIM2_OC2Init                    ********   *** removed from Debug\stm8s_tim2.o ***
_TIM2_OC3Init                    ********   *** removed from Debug\stm8s_tim2.o ***
_TIM2_ICInit                     ********   *** removed from Debug\stm8s_tim2.o ***
_TIM2_Cmd                        0000843b   defined in Debug\stm8s_tim2.o section .text
                                            used in Debug\main.o
_TIM2_PWMIConfig                 ********   *** removed from Debug\stm8s_tim2.o ***
_TIM2_ITConfig                   00008449   defined in Debug\stm8s_tim2.o section .text
                                            used in Debug\main.o
_TIM2_SetAutoreload              ********   *** removed from Debug\stm8s_tim2.o ***
_TIM2_SetCompare1                ********   *** removed from Debug\stm8s_tim2.o ***
_TIM2_GetCapture1                ********   *** removed from Debug\stm8s_tim2.o ***
_TIM2_SetCompare2                ********   *** removed from Debug\stm8s_tim2.o ***
_TIM2_GetCapture2                ********   *** removed from Debug\stm8s_tim2.o ***
_TIM2_SetCompare3                ********   *** removed from Debug\stm8s_tim2.o ***
_TIM2_GetCapture3                ********   *** removed from Debug\stm8s_tim2.o ***
_TIM2_SelectOCxM                 ********   *** removed from Debug\stm8s_tim2.o ***
_TIM2_SetIC1Prescaler            ********   *** removed from Debug\stm8s_tim2.o ***
_TIM2_SetIC2Prescaler            ********   *** removed from Debug\stm8s_tim2.o ***
_TIM2_SetIC3Prescaler            ********   *** removed from Debug\stm8s_tim2.o ***
_TIM2_SetCounter                 ********   *** removed from Debug\stm8s_tim2.o ***
_TIM2_GetCounter                 ********   *** removed from Debug\stm8s_tim2.o ***
_TIM2_GetPrescaler               ********   *** removed from Debug\stm8s_tim2.o ***
_TIM2_GenerateEvent              ********   *** removed from Debug\stm8s_tim2.o ***
_TIM2_ClearFlag                  ********   *** removed from Debug\stm8s_tim2.o ***
_TIM2_SelectOnePulseMode         ********   *** removed from Debug\stm8s_tim2.o ***
_TIM2_ClearITPendingBit          00008462   defined in Debug\stm8s_tim2.o section .text
                                            used in Debug\main.o
_TIM2_CCxCmd                     ********   *** removed from Debug\stm8s_tim2.o ***
_TIM2_UpdateDisableConfig        ********   *** removed from Debug\stm8s_tim2.o ***
_TIM2_UpdateRequestConfig        ********   *** removed from Debug\stm8s_tim2.o ***
_TIM2_PrescalerConfig            ********   *** removed from Debug\stm8s_tim2.o ***
_TIM2_ForcedOC1Config            ********   *** removed from Debug\stm8s_tim2.o ***
_TIM2_ForcedOC2Config            ********   *** removed from Debug\stm8s_tim2.o ***
_TIM2_ForcedOC3Config            ********   *** removed from Debug\stm8s_tim2.o ***
_TIM2_ARRPreloadConfig           ********   *** removed from Debug\stm8s_tim2.o ***
_TIM2_OC1PreloadConfig           ********   *** removed from Debug\stm8s_tim2.o ***
_TIM2_OC2PreloadConfig           ********   *** removed from Debug\stm8s_tim2.o ***
_TIM2_OC3PreloadConfig           ********   *** removed from Debug\stm8s_tim2.o ***
_TIM2_OC1PolarityConfig          ********   *** removed from Debug\stm8s_tim2.o ***
_TIM2_OC2PolarityConfig          ********   *** removed from Debug\stm8s_tim2.o ***
_TIM2_OC3PolarityConfig          ********   *** removed from Debug\stm8s_tim2.o ***
_TIM2_GetFlagStatus              ********   *** removed from Debug\stm8s_tim2.o ***
_TIM2_GetITStatus                ********   *** removed from Debug\stm8s_tim2.o ***
_UART1_DeInit                    00008467   defined in Debug\stm8s_uart1.o section .text
                                            used in Debug\main.o
_UART1_Init                      00008492   defined in Debug\stm8s_uart1.o section .text
                                            used in Debug\main.o
_UART1_Cmd                       000085d2   defined in Debug\stm8s_uart1.o section .text
                                            used in Debug\main.o
_UART1_ITConfig                  000085e0   defined in Debug\stm8s_uart1.o section .text
                                            used in Debug\main.o
_UART1_HalfDuplexCmd             ********   *** removed from Debug\stm8s_uart1.o ***
_UART1_IrDACmd                   ********   *** removed from Debug\stm8s_uart1.o ***
_UART1_LINCmd                    ********   *** removed from Debug\stm8s_uart1.o ***
_UART1_SmartCardCmd              ********   *** removed from Debug\stm8s_uart1.o ***
_UART1_SmartCardNACKCmd          ********   *** removed from Debug\stm8s_uart1.o ***
_UART1_ReceiverWakeUpCmd         ********   *** removed from Debug\stm8s_uart1.o ***
_UART1_IrDAConfig                ********   *** removed from Debug\stm8s_uart1.o ***
_UART1_LINBreakDetectionConfig   ********   *** removed from Debug\stm8s_uart1.o ***
_UART1_WakeUpConfig              ********   *** removed from Debug\stm8s_uart1.o ***
_UART1_ReceiveData8              00008651   defined in Debug\stm8s_uart1.o section .text
                                            used in Debug\main.o
_UART1_SendBreak                 ********   *** removed from Debug\stm8s_uart1.o ***
_UART1_SetAddress                ********   *** removed from Debug\stm8s_uart1.o ***
_UART1_SetPrescaler              ********   *** removed from Debug\stm8s_uart1.o ***
_UART1_ClearFlag                 ********   *** removed from Debug\stm8s_uart1.o ***
_UART1_ReceiveData9              ********   *** removed from Debug\stm8s_uart1.o ***
_UART1_SendData9                 ********   *** removed from Debug\stm8s_uart1.o ***
_UART1_ClearITPendingBit         00008655   defined in Debug\stm8s_uart1.o section .text
                                            used in Debug\main.o
_UART1_GetFlagStatus             ********   *** removed from Debug\stm8s_uart1.o ***
_UART1_GetITStatus               ********   *** removed from Debug\stm8s_uart1.o ***
_UART1_SetGuardTime              ********   *** removed from Debug\stm8s_uart1.o ***
_UART1_SendData8                 ********   *** removed from Debug\stm8s_uart1.o ***
_uartTransmit                    00008665   defined in Debug\main.o section .text
f_uartReceive                    00008669   defined in Debug\main.o section .text
                                            used in Debug\stm8_interrupt_vector.o
f_tim1Update                     0000869d   defined in Debug\main.o section .text
                                            used in Debug\stm8_interrupt_vector.o
f_tim2Update                     000086c1   defined in Debug\main.o section .text
                                            used in Debug\stm8_interrupt_vector.o
_Delay                           00008797   defined in Debug\main.o section .text
_main                            000087be   defined in Debug\main.o section .text
                                            used in C:\Program Files (x86)\COSMIC\CXSTM8_EVAL\Lib\crtsi0.sm8
_abs                             000088a7   defined in (C:\Program Files (x86)\COSMIC\CXSTM8_EVAL\Lib\libis0.sm8)abs0.o section .text
                                            used in Debug\main.o
c_ctof                           000088ac   defined in (C:\Program Files (x86)\COSMIC\CXSTM8_EVAL\Lib\libm0.sm8)ctof.o section .text
                                            used in Debug\main.o
c_fsub                           000088b4   defined in (C:\Program Files (x86)\COSMIC\CXSTM8_EVAL\Lib\libm0.sm8)fadd.o section .text
                                            used in Debug\main.o
                                                    (C:\Program Files (x86)\COSMIC\CXSTM8_EVAL\Lib\libm0.sm8)fgsub.o
c_oksub                          000088be   defined in (C:\Program Files (x86)\COSMIC\CXSTM8_EVAL\Lib\libm0.sm8)fadd.o section .text
                                            *** not used ***
c_fadd                           000088c8   defined in (C:\Program Files (x86)\COSMIC\CXSTM8_EVAL\Lib\libm0.sm8)fadd.o section .text
                                            used in Debug\main.o
                                                    (C:\Program Files (x86)\COSMIC\CXSTM8_EVAL\Lib\libm0.sm8)fgadd.o
c_okadd                          000088d2   defined in (C:\Program Files (x86)\COSMIC\CXSTM8_EVAL\Lib\libm0.sm8)fadd.o section .text
c_fcmp                           00008991   defined in (C:\Program Files (x86)\COSMIC\CXSTM8_EVAL\Lib\libm0.sm8)fcmp.o section .text
                                            used in Debug\main.o
c_fdiv                           000089c7   defined in (C:\Program Files (x86)\COSMIC\CXSTM8_EVAL\Lib\libm0.sm8)fdiv.o section .text
                                            used in Debug\main.o
c_okdiv                          000089d7   defined in (C:\Program Files (x86)\COSMIC\CXSTM8_EVAL\Lib\libm0.sm8)fdiv.o section .text
                                            *** not used ***
c_fgadd                          00008a4b   defined in (C:\Program Files (x86)\COSMIC\CXSTM8_EVAL\Lib\libm0.sm8)fgadd.o section .text
                                            used in Debug\main.o
c_fgsub                          00008a53   defined in (C:\Program Files (x86)\COSMIC\CXSTM8_EVAL\Lib\libm0.sm8)fgsub.o section .text
                                            used in Debug\main.o
c_fmul                           00008a5e   defined in (C:\Program Files (x86)\COSMIC\CXSTM8_EVAL\Lib\libm0.sm8)fmul.o section .text
                                            used in Debug\main.o
c_okmul                          00008a6c   defined in (C:\Program Files (x86)\COSMIC\CXSTM8_EVAL\Lib\libm0.sm8)fmul.o section .text
                                            *** not used ***
c_fneg                           00008b33   defined in (C:\Program Files (x86)\COSMIC\CXSTM8_EVAL\Lib\libm0.sm8)fneg.o section .text
                                            used in (C:\Program Files (x86)\COSMIC\CXSTM8_EVAL\Lib\libm0.sm8)fgsub.o
c_ftoi                           00008b3e   defined in (C:\Program Files (x86)\COSMIC\CXSTM8_EVAL\Lib\libm0.sm8)ftol.o section .text
                                            used in Debug\main.o
c_ftol                           00008b44   defined in (C:\Program Files (x86)\COSMIC\CXSTM8_EVAL\Lib\libm0.sm8)ftol.o section .text
c_itof                           00008ba0   defined in (C:\Program Files (x86)\COSMIC\CXSTM8_EVAL\Lib\libm0.sm8)itof.o section .text
                                            used in Debug\main.o
                                                    (C:\Program Files (x86)\COSMIC\CXSTM8_EVAL\Lib\libm0.sm8)ctof.o
c_lgsbc                          00008bce   defined in (C:\Program Files (x86)\COSMIC\CXSTM8_EVAL\Lib\libm0.sm8)lgsbc.o section .text
                                            used in Debug\main.o
c_llsh                           00008be4   defined in (C:\Program Files (x86)\COSMIC\CXSTM8_EVAL\Lib\libm0.sm8)llsh.o section .text
                                            used in Debug\stm8s_uart1.o
c_lsub                           00008bf3   defined in (C:\Program Files (x86)\COSMIC\CXSTM8_EVAL\Lib\libm0.sm8)lsub.o section .text
                                            used in Debug\stm8s_uart1.o
c_ltor                           00008c0b   defined in (C:\Program Files (x86)\COSMIC\CXSTM8_EVAL\Lib\libm0.sm8)ltor.o section .text
                                            used in Debug\stm8s_clk.o
                                                    Debug\stm8s_uart1.o
                                                    Debug\main.o
c_ludv                           00008c1d   defined in (C:\Program Files (x86)\COSMIC\CXSTM8_EVAL\Lib\libm0.sm8)ludiv.o section .text
                                            used in Debug\stm8s_clk.o
                                                    Debug\stm8s_uart1.o
c_divsl                          00008c31   defined in (C:\Program Files (x86)\COSMIC\CXSTM8_EVAL\Lib\libm0.sm8)ldiv.o section .text
                                            *** not used ***
c_divul                          00008c48   defined in (C:\Program Files (x86)\COSMIC\CXSTM8_EVAL\Lib\libm0.sm8)ldiv.o section .text
                                            used in (C:\Program Files (x86)\COSMIC\CXSTM8_EVAL\Lib\libm0.sm8)ludiv.o
c_lgneg                          00008d1c   defined in (C:\Program Files (x86)\COSMIC\CXSTM8_EVAL\Lib\libm0.sm8)lgneg.o section .text
                                            used in (C:\Program Files (x86)\COSMIC\CXSTM8_EVAL\Lib\libm0.sm8)ldiv.o
c_lneg                           00008d2f   defined in (C:\Program Files (x86)\COSMIC\CXSTM8_EVAL\Lib\libm0.sm8)lneg.o section .text
                                            used in (C:\Program Files (x86)\COSMIC\CXSTM8_EVAL\Lib\libm0.sm8)ldiv.o
c_lursh                          00008d44   defined in (C:\Program Files (x86)\COSMIC\CXSTM8_EVAL\Lib\libm0.sm8)lursh.o section .text
                                            used in Debug\stm8s_uart1.o
c_lzmp                           00008d53   defined in (C:\Program Files (x86)\COSMIC\CXSTM8_EVAL\Lib\libm0.sm8)lzmp.o section .text
                                            used in Debug\main.o
c_rtol                           00008d66   defined in (C:\Program Files (x86)\COSMIC\CXSTM8_EVAL\Lib\libm0.sm8)rtol.o section .text
                                            used in Debug\stm8s_clk.o
                                                    Debug\stm8s_uart1.o
                                                    Debug\main.o
                                                    (C:\Program Files (x86)\COSMIC\CXSTM8_EVAL\Lib\libm0.sm8)fgadd.o
                                                    (C:\Program Files (x86)\COSMIC\CXSTM8_EVAL\Lib\libm0.sm8)fgsub.o
c_smul                           00008d78   defined in (C:\Program Files (x86)\COSMIC\CXSTM8_EVAL\Lib\libm0.sm8)smul.o section .text
                                            used in Debug\stm8s_uart1.o
f_NonHandledInterrupt            00008db7   defined in Debug\stm8_interrupt_vector.o section .text
